==== GitHub AI 项目归档自动化 — 2026-07-11（周六 / 工作日 Vibe Coding 赛道）====
开始时间：2026-07-11T08:26:33.320278

[1] 模式判断：周六 -> 工作日（Vibe Coding 赛道）
    来源：GitHub Trending 日榜（AI 分类页 /trending/ai?since=daily 当日返回空）
    回退：总日榜 /trending?since=daily 抓取 19 个仓库，按 Vibe Coding / AI 编码 Agent 生态口径筛选 Top 5

[2] 抓取与解析：
    - curl 抓取总日榜 HTML（626KB），Python 正则解析（修复 GitHub 折行 href 与 tmp- 前缀 class）
    - 解析仓库数：19
    - 严格关键词命中：0 个
    - 扩充口径命中 Top 5（按当日新增 Star 降序）：
      #1 mattpocock/skills | 今日+1,712 | ⭐164,601 | Shell
      #2 iOfficeAI/OfficeCLI | 今日+1,224 | ⭐14,423 | C#
      #3 addyosmani/agent-skills | 今日+1,116 | ⭐76,816 | JavaScript
      #4 obra/superpowers | 今日+1,013 | ⭐251,771 | Shell
      #5 wonderwhy-er/DesktopCommanderMCP | 今日+328 | ⭐7,277 | TypeScript

[3] 详情获取：
    - 通过 GitHub REST API（GITHUB_TOKEN）获取 5 个项目元数据（stars/language/topics/homepage）
    - 通过 raw.githubusercontent.com 抓取 5 个项目 README 正文用于提炼项目定位与技术栈

[4] Obsidian 知识库生成：
    - 日报：Daily/Vibe-Coding-2026-07-11.md
    - 项目页（新建 3 / 更新 2）：
        * mattpocock/skills.md (已存在-更新)
        * iOfficeAI/OfficeCLI.md (已存在-更新)
        * addyosmani/agent-skills.md (已存在-更新)
        * obra/superpowers.md (已存在-更新)
        * wonderwhy-er/DesktopCommanderMCP.md (已存在-更新)
    - 全局索引：_Index.md（新增日期行 + 3 个新项目条目）

[5] 推送：
    - GitHub 推送：跳过（工作区非 git 仓库，无 remote；GitHub 连接器 disconnected）
    - 企业微信推送：跳过（push_to_wechat=false；连接器 disconnected）

[6] 总结：今日处理 5 个项目，已全部归档至 Obsidian 知识库（Daily + 5 Projects + _Index）。GitHub/企微推送按既定口径跳过。
结束时间：2026-07-11T08:26:33.321631
