# 任务日志 — 2026-07-02

## 任务状态
- 执行时间：2026-07-02 08:20 ~ 08:35 GMT+8
- 模式：工作日（Vibe Coding 赛道）
- 状态：部分完成

## 完成项
✅ 创建 Obsidian Vault 目录结构
✅ 生成日报：Daily/Vibe-Coding-2026-07-02.md
✅ 生成 5 个项目详情页（Projects/ 目录）
✅ 更新全局索引：_Index.md

## 项目列表（Vibe Coding Top 5）
1. cline/cline — AI 编程 CLI，TypeScript，~42k ⭐
2. paul-gauthier/aider — 终端 AI 结对编程，Python，~24k ⭐
3. continuedev/continue — 开源 IDE AI 插件，TypeScript，~22k ⭐
4. princeton-nlp/SWE-agent — AI Agent 修复 Issue，Python，~14k ⭐
5. gpt-engineer-org/gpt-engineer — 自然语言生成仓库，Python，~53k ⭐

## 失败项
❌ GitHub 实时数据获取：运行环境 DNS 解析失败，无法访问 github.com / api.github.com
   - 解决方案：配置 GitHub Personal Access Token 或使用代理
❌ 企业微信消息发送：get_msg_chat_list 返回空列表，无法确定目标群 ID
   - 解决方案：在自动化任务中指定群 ID（chatid）

## 数据说明
- Star 数及新增 Star 为基于公开知识的估算值，非实时数据
- 建议在有网络访问的环境下重新运行，或配置 GitHub Token

## 下一步
1. 配置 GitHub Personal Access Token 以提升 API 访问能力
2. 在自动化任务参数中指定企业微信群 chatid
3. 确保运行环境 DNS/网络连通性
